REQUEST:
http://localhost:8000/api/explorer/analyses?page=1&page_size=5&start_date=2025-08-17&end_date=2025-08-23

RESULTS:
{
    "pagination": {
        "page": 1,
        "page_size": 5,
        "total_items": 119,
        "total_pages": 24
    },
    "data": [
        {
            "daily_analysis_id": 9,
            "conversation_id": "61989a9b10b9f8288fbf9f48",
            "customer_name": "Christine Dews",
            "analysis_date": "2025-08-22",
            "csi_score": 2.59,
            "effectiveness_score": 0.0,
            "efficiency_score": 1.5324074074074074,
            "effort_score": 5.0,
            "empathy_score": 4.0,
            "common_topics": [
                "Power Outage Reporting"
            ],
            "agents": [],
            "conversation_duration": 321206.0,
            "sentiment_score": 3.0,
            "sentiment_shift": 0.0,
            "resolution_achieved": 0.0,
            "fcr_score": 0.0,
            "ces": 4.0,
            "first_response_time": 1945.0,
            "avg_response_time": 7467.5,
            "total_handling_time": 837.15,
            "total_messages": 0,
            "customer_messages": 0,
            "agent_messages": 0
        },
        {
            "daily_analysis_id": 13,
            "conversation_id": "61991b017de04c08c410a691",
            "customer_name": "Kenneth Korir",
            "analysis_date": "2025-08-22",
            "csi_score": 5.46,
            "effectiveness_score": 9.0,
            "efficiency_score": 0.0,
            "effort_score": 3.333333333333333,
            "empathy_score": 8.5,
            "common_topics": [
                "Power Outage Follow Up",
                "Compliments"
            ],
            "agents": [],
            "conversation_duration": 88162.0,
            "sentiment_score": 8.0,
            "sentiment_shift": 4.0,
            "resolution_achieved": 10.0,
            "fcr_score": 8.0,
            "ces": 5.0,
            "first_response_time": 18884.0,
            "avg_response_time": 18884.0,
            "total_handling_time": 321.75,
            "total_messages": 0,
            "customer_messages": 0,
            "agent_messages": 0
        },
        {
            "daily_analysis_id": 17,
            "conversation_id": "61b71c72421f9eaa21dd96e6",
            "customer_name": "Pst Jones Gachuri",
            "analysis_date": "2025-08-22",
            "csi_score": 3.68,
            "effectiveness_score": 0.0,
            "efficiency_score": 3.010185185185185,
            "effort_score": 10.0,
            "empathy_score": 1.5,
            "common_topics": [
                "Re-Billing",
                "Fraud",
                "Disconnection/Reconnection"
            ],
            "agents": [],
            "conversation_duration": 25797.0,
            "sentiment_score": 0.0,
            "sentiment_shift": -2.0,
            "resolution_achieved": 0.0,
            "fcr_score": 0.0,
            "ces": 1.0,
            "first_response_time": 349.0,
            "avg_response_time": 10869.0,
            "total_handling_time": 429.95,
            "total_messages": 0,
            "customer_messages": 0,
            "agent_messages": 0
        },
        {
            "daily_analysis_id": 32,
            "conversation_id": "6308ed87f44efb75dc308d87",
            "customer_name": "Vicky Victor",
            "analysis_date": "2025-08-22",
            "csi_score": 4.82,
            "effectiveness_score": 0.0,
            "efficiency_score": 9.980555555555556,
            "effort_score": 6.666666666666666,
            "empathy_score": 4.0,
            "common_topics": [
                "Token Resending",
                "Prepaid Payment Reallocation"
            ],
            "agents": [],
            "conversation_duration": 14.0,
            "sentiment_score": 3.0,
            "sentiment_shift": 0.0,
            "resolution_achieved": 0.0,
            "fcr_score": 0.0,
            "ces": 3.0,
            "first_response_time": null,
            "avg_response_time": null,
            "total_handling_time": 0.23333333333333334,
            "total_messages": 0,
            "customer_messages": 0,
            "agent_messages": 0
        },
        {
            "daily_analysis_id": 47,
            "conversation_id": "6512fc7427e484124e107a26",
            "customer_name": "Esther Chege",
            "analysis_date": "2025-08-22",
            "csi_score": 4.82,
            "effectiveness_score": 0.0,
            "efficiency_score": 10.0,
            "effort_score": 6.666666666666666,
            "empathy_score": 4.0,
            "common_topics": [
                "Power Outage Reporting"
            ],
            "agents": [],
            "conversation_duration": 452613.0,
            "sentiment_score": 3.0,
            "sentiment_shift": 0.0,
            "resolution_achieved": 0.0,
            "fcr_score": 0.0,
            "ces": 3.0,
            "first_response_time": null,
            "avg_response_time": null,
            "total_handling_time": 0.0,
            "total_messages": 0,
            "customer_messages": 0,
            "agent_messages": 0
        }
    ]
}